round=1 config=blst_original error=1/8 messages=16 chunk=16
round=1 config=blst_swapped error=1/8 messages=16 chunk=16
round=1 config=bls_avx_swapped_split2 error=1/8 messages=16 chunk=2
round=1 config=bn_swapped_split2 error=1/8 messages=16 chunk=2
round=1 config=bn_original_split2 error=1/8 messages=16 chunk=2
round=1 config=blst_original error=1/16 messages=16 chunk=16
round=1 config=blst_swapped error=1/16 messages=16 chunk=16
round=1 config=bls_avx_swapped_split2 error=1/16 messages=16 chunk=2
round=1 config=bn_swapped_split2 error=1/16 messages=16 chunk=2
round=1 config=bn_original_split2 error=1/16 messages=16 chunk=2
round=1 config=blst_original error=1/32 messages=16 chunk=16
round=1 config=blst_swapped error=1/32 messages=16 chunk=16
round=1 config=bls_avx_swapped_split2 error=1/32 messages=16 chunk=2
round=1 config=bn_swapped_split2 error=1/32 messages=16 chunk=2
round=1 config=bn_original_split2 error=1/32 messages=16 chunk=2
round=1 config=blst_original error=1/64 messages=16 chunk=16
round=1 config=blst_swapped error=1/64 messages=16 chunk=16
round=1 config=bls_avx_swapped_split2 error=1/64 messages=16 chunk=2
round=1 config=bn_swapped_split2 error=1/64 messages=16 chunk=2
round=1 config=bn_original_split2 error=1/64 messages=16 chunk=2
round=1 config=blst_original error=1/16 messages=32 chunk=32
round=1 config=blst_swapped error=1/16 messages=32 chunk=32
round=1 config=bls_avx_swapped_split2 error=1/16 messages=32 chunk=2
round=1 config=bn_swapped_split2 error=1/16 messages=32 chunk=2
round=1 config=bn_original_split2 error=1/16 messages=32 chunk=2
round=1 config=blst_original error=1/16 messages=64 chunk=64
round=1 config=blst_swapped error=1/16 messages=64 chunk=64
round=1 config=bls_avx_swapped_split2 error=1/16 messages=64 chunk=2
round=1 config=bn_swapped_split2 error=1/16 messages=64 chunk=2
round=1 config=bn_original_split2 error=1/16 messages=64 chunk=2
round=1 config=blst_original error=1/16 messages=128 chunk=128
round=1 config=blst_swapped error=1/16 messages=128 chunk=128
round=1 config=bls_avx_swapped_split2 error=1/16 messages=128 chunk=2
round=1 config=bn_swapped_split2 error=1/16 messages=128 chunk=2
round=1 config=bn_original_split2 error=1/16 messages=128 chunk=2
round=1 config=blst_original error=1/16 messages=256 chunk=256
round=1 config=blst_swapped error=1/16 messages=256 chunk=256
round=1 config=bls_avx_swapped_split2 error=1/16 messages=256 chunk=2
round=1 config=bn_swapped_split2 error=1/16 messages=256 chunk=2
round=1 config=bn_original_split2 error=1/16 messages=256 chunk=2
round=2 config=bn_original_split2 error=1/16 messages=256 chunk=2
round=2 config=bn_swapped_split2 error=1/16 messages=256 chunk=2
round=2 config=bls_avx_swapped_split2 error=1/16 messages=256 chunk=2
round=2 config=blst_swapped error=1/16 messages=256 chunk=256
round=2 config=blst_original error=1/16 messages=256 chunk=256
round=2 config=bn_original_split2 error=1/16 messages=128 chunk=2
round=2 config=bn_swapped_split2 error=1/16 messages=128 chunk=2
round=2 config=bls_avx_swapped_split2 error=1/16 messages=128 chunk=2
round=2 config=blst_swapped error=1/16 messages=128 chunk=128
round=2 config=blst_original error=1/16 messages=128 chunk=128
round=2 config=bn_original_split2 error=1/16 messages=64 chunk=2
round=2 config=bn_swapped_split2 error=1/16 messages=64 chunk=2
round=2 config=bls_avx_swapped_split2 error=1/16 messages=64 chunk=2
round=2 config=blst_swapped error=1/16 messages=64 chunk=64
round=2 config=blst_original error=1/16 messages=64 chunk=64
round=2 config=bn_original_split2 error=1/16 messages=32 chunk=2
round=2 config=bn_swapped_split2 error=1/16 messages=32 chunk=2
round=2 config=bls_avx_swapped_split2 error=1/16 messages=32 chunk=2
round=2 config=blst_swapped error=1/16 messages=32 chunk=32
round=2 config=blst_original error=1/16 messages=32 chunk=32
round=2 config=bn_original_split2 error=1/64 messages=16 chunk=2
round=2 config=bn_swapped_split2 error=1/64 messages=16 chunk=2
round=2 config=bls_avx_swapped_split2 error=1/64 messages=16 chunk=2
round=2 config=blst_swapped error=1/64 messages=16 chunk=16
round=2 config=blst_original error=1/64 messages=16 chunk=16
round=2 config=bn_original_split2 error=1/32 messages=16 chunk=2
round=2 config=bn_swapped_split2 error=1/32 messages=16 chunk=2
round=2 config=bls_avx_swapped_split2 error=1/32 messages=16 chunk=2
round=2 config=blst_swapped error=1/32 messages=16 chunk=16
round=2 config=blst_original error=1/32 messages=16 chunk=16
round=2 config=bn_original_split2 error=1/16 messages=16 chunk=2
round=2 config=bn_swapped_split2 error=1/16 messages=16 chunk=2
round=2 config=bls_avx_swapped_split2 error=1/16 messages=16 chunk=2
round=2 config=blst_swapped error=1/16 messages=16 chunk=16
round=2 config=blst_original error=1/16 messages=16 chunk=16
round=2 config=bn_original_split2 error=1/8 messages=16 chunk=2
round=2 config=bn_swapped_split2 error=1/8 messages=16 chunk=2
round=2 config=bls_avx_swapped_split2 error=1/8 messages=16 chunk=2
round=2 config=blst_swapped error=1/8 messages=16 chunk=16
round=2 config=blst_original error=1/8 messages=16 chunk=16
Completed 80 runs
