Weighted PFE Solana paper reproduction (Construction 5)
Input allocation: experiments/paper_tables/profiles/weights_2of3.json
Input selection: WEIGHTED_PFE_WEIGHTS_FILE override
Distribution method: aptos_dkg_nearest_rounding_q64_64

Selected approximation profile
error e=1/16: --approximation-error
target stake ratio=2/3, interval=[29/48, 35/48]
nominal resolution M=1615, actual cryptographic share count W=1580
minimum reconstruction weight q=1060; weighted-PFE threshold t=1059 because authorization is weight > t
effective guaranteed reconstruction stake ratio=0.728841329902269386982038151812

Runtime choices
B_max=B=32
Rayon threads=12
measured online repetitions=15, plus one unmeasured online warm-up

Allocation summary
real parties N=419, total virtual weight W=1580, min/max party weight=1/57
minimal-party authorized set: tau=76 parties, W_T=1062 >= q=1060 (largest weights first, index tie-break)

Table 3 serialized material
accounting: compressed cryptographic elements; indices, setup IDs, batch digests, integer metadata, and container framing excluded
compressed encodings: G1=48 bytes, G2=96 bytes, scalar=32 bytes, paper GT=288 bytes, canonical identity-tagged GT=289 bytes
party verification keys: 13408 G2 points, 1287168 bytes (1257.000 kB) = N*B
core D1/D2/global material: 101121 G2 points, 9707616 bytes (9480.094 kB) = 2*W*B+1
public decryption key: 114529 G2 points, 10994784 bytes (10737.094 kB) = (2W+N)B+1
encryption key: one GT, 288 bytes (0.281 kB) in Table 3, 289 bytes (0.282 kB) canonical
total public material, paper encoding: 10995072 bytes (10737.375 kB) = public decryption key + one GT encryption key
total public material, canonical cryptographic-element encoding: 10995073 bytes (10737.376 kB)
implementation structured proof CRS: 0 bytes (Fiat-Shamir Schnorr); paper abstract Pi_DL CRS: unspecified and excluded by Table 3
one party secret key: 32 bytes (0.031 kB) = one rho_j scalar (B=32 derived fractions may be cached); all N=419 secret keys: 13408 bytes (13.094 kB)
one ciphertext proof: 80 bytes = one compressed G1 commitment + one scalar response
one ciphertext excluding its proof (Table 3): 336 bytes with paper GT, 337 bytes with canonical tagged GT
one ciphertext including this implementation's proof: 416 bytes with paper GT, 417 bytes canonical
B=32 ciphertexts excluding proofs: 10752/10784 bytes (paper/canonical); including proofs: 13312/13344 bytes
one party cryptographic response: 48 bytes = one compressed G1; selected tau=76 responses: 3648 bytes
formula parameters used above: N=419, W=1580, B=32

Optimized online work dimensions
ctxtCheck(B): one randomized G1 MSM with 65=2B+1 bases
selected PreDec: 76 G1 MSMs of 32 terms (2432 scalar-point terms)
batched acceptance: one 76-term G1 MSM, 32 G2 MSMs of 76 terms (2432 terms), and one pairing product of arity 33
committee preparation: 2432 party-block G2 MSMs plus 32 whole-committee G2 MSMs, 67968=2B*W_T total scalar-point terms
committee finishing: 32 size-2 G2 mask combinations, 2400 party-key additions, normalization of 2496 points, and 64 prepared line tables
Cauchy precompute: forward+inverse size-32 G1 transforms, 32 prepared-G2 pairings, and forward+inverse cyclotomic transforms
opening: 32 multi-pairings of arity 76 (2432 inputs) plus 32 prepared-G2 mask pairings; all target terms fuse before 32 hard final exponentiations

One-time setup and input preparation
trusted weighted key generation              1167.443 ms
encrypt batch                                   1.675 ms total     0.052 ms/item
fixed Cauchy FFT kernel                         0.012 ms

Average over 15 measured online repetition(s)
ctxtCheck(B), batched client proofs             1.447 ms total     0.045 ms/item
PreDec(B), all selected parties                 4.971 ms total     0.065 ms/item
batched response acceptance                    16.747 ms total     0.220 ms/item
committee interpolation / G2 MSMs             286.149 ms total     8.942 ms/item
ciphertext-dependent Cauchy precompute          9.926 ms total     0.310 ms/item
weighted opening / unmask                      28.570 ms total     0.893 ms/item
full cold-committee path incl checks          347.810 ms
full cached-committee path incl checks         61.661 ms
Decryption successful in the warm-up and every measured repetition.
