Weighted PFE Solana paper reproduction (Construction 5)
Input allocation: experiments/paper_tables/profiles/weights_2of3.json
Input selection: WEIGHTED_PFE_WEIGHTS_FILE override
Distribution method: aptos_dkg_nearest_rounding_q64_64

Selected approximation profile
error e=1/16: --approximation-error
target stake ratio=2/3, interval=[29/48, 35/48]
nominal resolution M=1615, actual cryptographic share count W=1580
minimum reconstruction weight q=1060; weighted-PFE threshold t=1059 because authorization is weight > t
effective guaranteed reconstruction stake ratio=0.728841329902269386982038151812

Runtime choices
B_max=B=256
Rayon threads=12
measured online repetitions=15, plus one unmeasured online warm-up

Allocation summary
real parties N=419, total virtual weight W=1580, min/max party weight=1/57
minimal-party authorized set: tau=76 parties, W_T=1062 >= q=1060 (largest weights first, index tie-break)

Table 3 serialized material
accounting: compressed cryptographic elements; indices, setup IDs, batch digests, integer metadata, and container framing excluded
compressed encodings: G1=48 bytes, G2=96 bytes, scalar=32 bytes, paper GT=288 bytes, canonical identity-tagged GT=289 bytes
party verification keys: 107264 G2 points, 10297344 bytes (10056.000 kB) = N*B
core D1/D2/global material: 808961 G2 points, 77660256 bytes (75840.094 kB) = 2*W*B+1
public decryption key: 916225 G2 points, 87957600 bytes (85896.094 kB) = (2W+N)B+1
encryption key: one GT, 288 bytes (0.281 kB) in Table 3, 289 bytes (0.282 kB) canonical
total public material, paper encoding: 87957888 bytes (85896.375 kB) = public decryption key + one GT encryption key
total public material, canonical cryptographic-element encoding: 87957889 bytes (85896.376 kB)
implementation structured proof CRS: 0 bytes (Fiat-Shamir Schnorr); paper abstract Pi_DL CRS: unspecified and excluded by Table 3
one party secret key: 32 bytes (0.031 kB) = one rho_j scalar (B=256 derived fractions may be cached); all N=419 secret keys: 13408 bytes (13.094 kB)
one ciphertext proof: 80 bytes = one compressed G1 commitment + one scalar response
one ciphertext excluding its proof (Table 3): 336 bytes with paper GT, 337 bytes with canonical tagged GT
one ciphertext including this implementation's proof: 416 bytes with paper GT, 417 bytes canonical
B=256 ciphertexts excluding proofs: 86016/86272 bytes (paper/canonical); including proofs: 106496/106752 bytes
one party cryptographic response: 48 bytes = one compressed G1; selected tau=76 responses: 3648 bytes
formula parameters used above: N=419, W=1580, B=256

Optimized online work dimensions
ctxtCheck(B): one randomized G1 MSM with 513=2B+1 bases
selected PreDec: 76 G1 MSMs of 256 terms (19456 scalar-point terms)
batched acceptance: one 76-term G1 MSM, 256 G2 MSMs of 76 terms (19456 terms), and one pairing product of arity 257
committee preparation: 19456 party-block G2 MSMs plus 256 whole-committee G2 MSMs, 543744=2B*W_T total scalar-point terms
committee finishing: 256 size-2 G2 mask combinations, 19200 party-key additions, normalization of 19968 points, and 512 prepared line tables
Cauchy precompute: forward+inverse size-256 G1 transforms, 256 prepared-G2 pairings, and forward+inverse cyclotomic transforms
opening: 256 multi-pairings of arity 76 (19456 inputs) plus 256 prepared-G2 mask pairings; all target terms fuse before 256 hard final exponentiations

One-time setup and input preparation
trusted weighted key generation              9107.302 ms
encrypt batch                                  11.944 ms total     0.047 ms/item
fixed Cauchy FFT kernel                         0.013 ms

Average over 15 measured online repetition(s)
ctxtCheck(B), batched client proofs             7.724 ms total     0.030 ms/item
PreDec(B), all selected parties                22.557 ms total     0.297 ms/item
batched response acceptance                   113.801 ms total     1.497 ms/item
committee interpolation / G2 MSMs            2211.986 ms total     8.641 ms/item
ciphertext-dependent Cauchy precompute         25.970 ms total     0.101 ms/item
weighted opening / unmask                     208.178 ms total     0.813 ms/item
full cold-committee path incl checks         2590.216 ms
full cached-committee path incl checks        378.230 ms
Decryption successful in the warm-up and every measured repetition.
