Weighted PFE Solana paper reproduction (Construction 5)
Input allocation: experiments/paper_tables/profiles/weights_2of3.json
Input selection: WEIGHTED_PFE_WEIGHTS_FILE override
Distribution method: aptos_dkg_nearest_rounding_q64_64

Selected approximation profile
error e=1/64: --approximation-error
target stake ratio=2/3, interval=[125/192, 131/192]
nominal resolution M=6489, actual cryptographic share count W=6489
minimum reconstruction weight q=4327; weighted-PFE threshold t=4326 because authorization is weight > t
effective guaranteed reconstruction stake ratio=0.682276069172912725299250807920

Runtime choices
B_max=B=16
Rayon threads=12
measured online repetitions=15, plus one unmeasured online warm-up

Allocation summary
real parties N=688, total virtual weight W=6489, min/max party weight=1/229
minimal-party authorized set: tau=79 parties, W_T=4333 >= q=4327 (largest weights first, index tie-break)

Table 3 serialized material
accounting: compressed cryptographic elements; indices, setup IDs, batch digests, integer metadata, and container framing excluded
compressed encodings: G1=48 bytes, G2=96 bytes, scalar=32 bytes, paper GT=288 bytes, canonical identity-tagged GT=289 bytes
party verification keys: 11008 G2 points, 1056768 bytes (1032.000 kB) = N*B
core D1/D2/global material: 207649 G2 points, 19934304 bytes (19467.094 kB) = 2*W*B+1
public decryption key: 218657 G2 points, 20991072 bytes (20499.094 kB) = (2W+N)B+1
encryption key: one GT, 288 bytes (0.281 kB) in Table 3, 289 bytes (0.282 kB) canonical
total public material, paper encoding: 20991360 bytes (20499.375 kB) = public decryption key + one GT encryption key
total public material, canonical cryptographic-element encoding: 20991361 bytes (20499.376 kB)
implementation structured proof CRS: 0 bytes (Fiat-Shamir Schnorr); paper abstract Pi_DL CRS: unspecified and excluded by Table 3
one party secret key: 32 bytes (0.031 kB) = one rho_j scalar (B=16 derived fractions may be cached); all N=688 secret keys: 22016 bytes (21.500 kB)
one ciphertext proof: 80 bytes = one compressed G1 commitment + one scalar response
one ciphertext excluding its proof (Table 3): 336 bytes with paper GT, 337 bytes with canonical tagged GT
one ciphertext including this implementation's proof: 416 bytes with paper GT, 417 bytes canonical
B=16 ciphertexts excluding proofs: 5376/5392 bytes (paper/canonical); including proofs: 6656/6672 bytes
one party cryptographic response: 48 bytes = one compressed G1; selected tau=79 responses: 3792 bytes
formula parameters used above: N=688, W=6489, B=16

Optimized online work dimensions
ctxtCheck(B): one randomized G1 MSM with 33=2B+1 bases
selected PreDec: 79 G1 MSMs of 16 terms (1264 scalar-point terms)
batched acceptance: one 79-term G1 MSM, 16 G2 MSMs of 79 terms (1264 terms), and one pairing product of arity 17
committee preparation: 1264 party-block G2 MSMs plus 16 whole-committee G2 MSMs, 138656=2B*W_T total scalar-point terms
committee finishing: 16 size-2 G2 mask combinations, 1248 party-key additions, normalization of 1296 points, and 32 prepared line tables
Cauchy precompute: forward+inverse size-16 G1 transforms, 16 prepared-G2 pairings, and forward+inverse cyclotomic transforms
opening: 16 multi-pairings of arity 79 (1264 inputs) plus 16 prepared-G2 mask pairings; all target terms fuse before 16 hard final exponentiations

One-time setup and input preparation
trusted weighted key generation              2185.447 ms
encrypt batch                                   1.538 ms total     0.096 ms/item
fixed Cauchy FFT kernel                         0.012 ms

Average over 15 measured online repetition(s)
ctxtCheck(B), batched client proofs             0.864 ms total     0.054 ms/item
PreDec(B), all selected parties                 3.238 ms total     0.041 ms/item
batched response acceptance                    11.304 ms total     0.143 ms/item
committee interpolation / G2 MSMs             510.751 ms total    31.922 ms/item
ciphertext-dependent Cauchy precompute          3.336 ms total     0.208 ms/item
weighted opening / unmask                      19.469 ms total     1.217 ms/item
full cold-committee path incl checks          548.963 ms
full cached-committee path incl checks         38.212 ms
Decryption successful in the warm-up and every measured repetition.
