Weighted PFE Solana paper reproduction (Construction 5)
Input allocation: experiments/paper_tables/profiles/weights_2of3.json
Input selection: WEIGHTED_PFE_WEIGHTS_FILE override
Distribution method: aptos_dkg_nearest_rounding_q64_64

Selected approximation profile
error e=1/32: --approximation-error
target stake ratio=2/3, interval=[61/96, 67/96]
nominal resolution M=3069, actual cryptographic share count W=3063
minimum reconstruction weight q=2044; weighted-PFE threshold t=2043 because authorization is weight > t
effective guaranteed reconstruction stake ratio=0.697910285637727136314606424250

Runtime choices
B_max=B=16
Rayon threads=12
measured online repetitions=15, plus one unmeasured online warm-up

Allocation summary
real parties N=598, total virtual weight W=3063, min/max party weight=1/108
minimal-party authorized set: tau=79 parties, W_T=2046 >= q=2044 (largest weights first, index tie-break)

Table 3 serialized material
accounting: compressed cryptographic elements; indices, setup IDs, batch digests, integer metadata, and container framing excluded
compressed encodings: G1=48 bytes, G2=96 bytes, scalar=32 bytes, paper GT=288 bytes, canonical identity-tagged GT=289 bytes
party verification keys: 9568 G2 points, 918528 bytes (897.000 kB) = N*B
core D1/D2/global material: 98017 G2 points, 9409632 bytes (9189.094 kB) = 2*W*B+1
public decryption key: 107585 G2 points, 10328160 bytes (10086.094 kB) = (2W+N)B+1
encryption key: one GT, 288 bytes (0.281 kB) in Table 3, 289 bytes (0.282 kB) canonical
total public material, paper encoding: 10328448 bytes (10086.375 kB) = public decryption key + one GT encryption key
total public material, canonical cryptographic-element encoding: 10328449 bytes (10086.376 kB)
implementation structured proof CRS: 0 bytes (Fiat-Shamir Schnorr); paper abstract Pi_DL CRS: unspecified and excluded by Table 3
one party secret key: 32 bytes (0.031 kB) = one rho_j scalar (B=16 derived fractions may be cached); all N=598 secret keys: 19136 bytes (18.688 kB)
one ciphertext proof: 80 bytes = one compressed G1 commitment + one scalar response
one ciphertext excluding its proof (Table 3): 336 bytes with paper GT, 337 bytes with canonical tagged GT
one ciphertext including this implementation's proof: 416 bytes with paper GT, 417 bytes canonical
B=16 ciphertexts excluding proofs: 5376/5392 bytes (paper/canonical); including proofs: 6656/6672 bytes
one party cryptographic response: 48 bytes = one compressed G1; selected tau=79 responses: 3792 bytes
formula parameters used above: N=598, W=3063, B=16

Optimized online work dimensions
ctxtCheck(B): one randomized G1 MSM with 33=2B+1 bases
selected PreDec: 79 G1 MSMs of 16 terms (1264 scalar-point terms)
batched acceptance: one 79-term G1 MSM, 16 G2 MSMs of 79 terms (1264 terms), and one pairing product of arity 17
committee preparation: 1264 party-block G2 MSMs plus 16 whole-committee G2 MSMs, 65472=2B*W_T total scalar-point terms
committee finishing: 16 size-2 G2 mask combinations, 1248 party-key additions, normalization of 1296 points, and 32 prepared line tables
Cauchy precompute: forward+inverse size-16 G1 transforms, 16 prepared-G2 pairings, and forward+inverse cyclotomic transforms
opening: 16 multi-pairings of arity 79 (1264 inputs) plus 16 prepared-G2 mask pairings; all target terms fuse before 16 hard final exponentiations

One-time setup and input preparation
trusted weighted key generation              1067.174 ms
encrypt batch                                   1.374 ms total     0.086 ms/item
fixed Cauchy FFT kernel                         0.015 ms

Average over 15 measured online repetition(s)
ctxtCheck(B), batched client proofs             0.864 ms total     0.054 ms/item
PreDec(B), all selected parties                 3.243 ms total     0.041 ms/item
batched response acceptance                    11.372 ms total     0.144 ms/item
committee interpolation / G2 MSMs             277.595 ms total    17.350 ms/item
ciphertext-dependent Cauchy precompute          3.335 ms total     0.208 ms/item
weighted opening / unmask                      19.490 ms total     1.218 ms/item
full cold-committee path incl checks          315.899 ms
full cached-committee path incl checks         38.303 ms
Decryption successful in the warm-up and every measured repetition.
