Weighted PFE Solana paper reproduction (Construction 5)
Input allocation: experiments/paper_tables/profiles/weights_2of3.json
Input selection: WEIGHTED_PFE_WEIGHTS_FILE override
Distribution method: aptos_dkg_nearest_rounding_q64_64

Selected approximation profile
error e=1/16: --approximation-error
target stake ratio=2/3, interval=[29/48, 35/48]
nominal resolution M=1615, actual cryptographic share count W=1580
minimum reconstruction weight q=1060; weighted-PFE threshold t=1059 because authorization is weight > t
effective guaranteed reconstruction stake ratio=0.728841329902269386982038151812

Runtime choices
B_max=B=128
Rayon threads=12
measured online repetitions=15, plus one unmeasured online warm-up

Allocation summary
real parties N=419, total virtual weight W=1580, min/max party weight=1/57
minimal-party authorized set: tau=76 parties, W_T=1062 >= q=1060 (largest weights first, index tie-break)

Table 3 serialized material
accounting: compressed cryptographic elements; indices, setup IDs, batch digests, integer metadata, and container framing excluded
compressed encodings: G1=48 bytes, G2=96 bytes, scalar=32 bytes, paper GT=288 bytes, canonical identity-tagged GT=289 bytes
party verification keys: 53632 G2 points, 5148672 bytes (5028.000 kB) = N*B
core D1/D2/global material: 404481 G2 points, 38830176 bytes (37920.094 kB) = 2*W*B+1
public decryption key: 458113 G2 points, 43978848 bytes (42948.094 kB) = (2W+N)B+1
encryption key: one GT, 288 bytes (0.281 kB) in Table 3, 289 bytes (0.282 kB) canonical
total public material, paper encoding: 43979136 bytes (42948.375 kB) = public decryption key + one GT encryption key
total public material, canonical cryptographic-element encoding: 43979137 bytes (42948.376 kB)
implementation structured proof CRS: 0 bytes (Fiat-Shamir Schnorr); paper abstract Pi_DL CRS: unspecified and excluded by Table 3
one party secret key: 32 bytes (0.031 kB) = one rho_j scalar (B=128 derived fractions may be cached); all N=419 secret keys: 13408 bytes (13.094 kB)
one ciphertext proof: 80 bytes = one compressed G1 commitment + one scalar response
one ciphertext excluding its proof (Table 3): 336 bytes with paper GT, 337 bytes with canonical tagged GT
one ciphertext including this implementation's proof: 416 bytes with paper GT, 417 bytes canonical
B=128 ciphertexts excluding proofs: 43008/43136 bytes (paper/canonical); including proofs: 53248/53376 bytes
one party cryptographic response: 48 bytes = one compressed G1; selected tau=76 responses: 3648 bytes
formula parameters used above: N=419, W=1580, B=128

Optimized online work dimensions
ctxtCheck(B): one randomized G1 MSM with 257=2B+1 bases
selected PreDec: 76 G1 MSMs of 128 terms (9728 scalar-point terms)
batched acceptance: one 76-term G1 MSM, 128 G2 MSMs of 76 terms (9728 terms), and one pairing product of arity 129
committee preparation: 9728 party-block G2 MSMs plus 128 whole-committee G2 MSMs, 271872=2B*W_T total scalar-point terms
committee finishing: 128 size-2 G2 mask combinations, 9600 party-key additions, normalization of 9984 points, and 256 prepared line tables
Cauchy precompute: forward+inverse size-128 G1 transforms, 128 prepared-G2 pairings, and forward+inverse cyclotomic transforms
opening: 128 multi-pairings of arity 76 (9728 inputs) plus 128 prepared-G2 mask pairings; all target terms fuse before 128 hard final exponentiations

One-time setup and input preparation
trusted weighted key generation              4551.619 ms
encrypt batch                                   6.418 ms total     0.050 ms/item
fixed Cauchy FFT kernel                         0.013 ms

Average over 15 measured online repetition(s)
ctxtCheck(B), batched client proofs             4.328 ms total     0.034 ms/item
PreDec(B), all selected parties                13.154 ms total     0.173 ms/item
batched response acceptance                    58.367 ms total     0.768 ms/item
committee interpolation / G2 MSMs            1114.146 ms total     8.704 ms/item
ciphertext-dependent Cauchy precompute         68.301 ms total     0.534 ms/item
weighted opening / unmask                     104.233 ms total     0.814 ms/item
full cold-committee path incl checks         1362.529 ms
full cached-committee path incl checks        248.383 ms
Decryption successful in the warm-up and every measured repetition.
