Indexed weighted BTE Solana paper reproduction
Input allocation: experiments/paper_tables/profiles/weights_2of3.json
Input selection: WEIGHTED_INDEXED_BTE_WEIGHTS_FILE override
Distribution method: aptos_dkg_nearest_rounding_q64_64

Selected approximation profile
error e=1/32: --approximation-error
target stake ratio=2/3, interval=[61/96, 67/96]
nominal resolution M=3069, actual cryptographic share count W=3063
minimum reconstruction weight q=2044; indexed weighted-BTE threshold t=2043 because authorization is weight > t
effective guaranteed reconstruction stake ratio=0.697910285637727136314606424250

Runtime choices
B_max=B=16
index space n=16; ciphertext indices are fixed to 0..=15
Rayon threads=12

Allocation summary
real parties N=598, total virtual weight W=3063, min/max party weight=1/108
minimal-party authorized set: 79 parties, weight 2046 >= q=2044 (largest weights first, index tie-break)

old-paper robustness theorem requires t < floor(W/2)=1531: NOT satisfied by this exact-half corruption threshold

Serialized public material
accounting: paper group elements with compressed encodings; derived identifiers, integer metadata, and container framing excluded
compressed encodings: G1=48, G2=96, scalar=32 bytes
powers-of-tau CRS pp: 16 G1 + 32 G2 points, 3840 bytes
  g_i powers: 16 G1 points, 768 bytes = n
  h_i powers: 32 G2 points, 3072 bytes = 2n (missing h_(n+1))
weighted master public key: 614 G1 + 49008 G2 points, 4734240 bytes
  delta_i: 16 G1 points, 768 bytes = n
  party inverse verification keys: 598 G1 points, 28704 bytes = N
  gamma_(i,j,omega): 49008 G2 points, 4704768 bytes = nW
combined pp + master public key: 630 G1 + 49040 G2 points, 4738080 bytes
additional structured DLEq proof CRS: 0 bytes (Fiat-Shamir)
ciphertext cryptographic overhead: 160 bytes = 2 compressed G1 + 2 scalar proof elements (explicit index/framing and payload excluded)
one party cryptographic response: 112 bytes
Table-2 all-party response download: 66976 bytes = N * response size
selected V retained for opening: 8848 bytes for N'=79 parties

Optimized decryption work dimensions
middle product: transform size m=32, one prepared-G2/input pairing per transform point
committee preparation: 1264 G2 MSMs with 32736 total scalar-point terms = B*N' MSMs, B*W_T terms
opening: 16 multi-pairings of arity 79, 1264 total pairing inputs

Measured phase durations
powers-of-tau CRS setup                     0.676 ms
weighted master key generation            536.019 ms
fixed G2 FFT kernel                         6.216 ms
encrypt batch                               1.410 ms total     0.088 ms/item
client proof validation                     0.477 ms total     0.030 ms/item
partial decryptions, all N parties          8.253 ms total     0.014 ms/item
all-N server proofs / select V             10.788 ms
committee interpolation / G2 MSMs         186.191 ms
cross-term precompute                       8.711 ms total     0.544 ms/item
weighted PRF opening / unmask              18.631 ms total     1.164 ms/item
post-validation cold-committee path       232.573 ms
post-validation cached-committee path      46.382 ms
full cold decryption incl client checks    233.050 ms
full cached decryption incl client checks     46.859 ms
Decryption successful.
