Indexed weighted BTE Solana paper reproduction
Input allocation: experiments/paper_tables/profiles/weights_2of3.json
Input selection: WEIGHTED_INDEXED_BTE_WEIGHTS_FILE override
Distribution method: aptos_dkg_nearest_rounding_q64_64

Selected approximation profile
error e=1/16: --approximation-error
target stake ratio=2/3, interval=[29/48, 35/48]
nominal resolution M=1615, actual cryptographic share count W=1580
minimum reconstruction weight q=1060; indexed weighted-BTE threshold t=1059 because authorization is weight > t
effective guaranteed reconstruction stake ratio=0.728841329902269386982038151812

Runtime choices
B_max=B=16
index space n=16; ciphertext indices are fixed to 0..=15
Rayon threads=12

Allocation summary
real parties N=419, total virtual weight W=1580, min/max party weight=1/57
minimal-party authorized set: 76 parties, weight 1062 >= q=1060 (largest weights first, index tie-break)

old-paper robustness theorem requires t < floor(W/2)=790: NOT satisfied by this exact-half corruption threshold

Serialized public material
accounting: paper group elements with compressed encodings; derived identifiers, integer metadata, and container framing excluded
compressed encodings: G1=48, G2=96, scalar=32 bytes
powers-of-tau CRS pp: 16 G1 + 32 G2 points, 3840 bytes
  g_i powers: 16 G1 points, 768 bytes = n
  h_i powers: 32 G2 points, 3072 bytes = 2n (missing h_(n+1))
weighted master public key: 435 G1 + 25280 G2 points, 2447760 bytes
  delta_i: 16 G1 points, 768 bytes = n
  party inverse verification keys: 419 G1 points, 20112 bytes = N
  gamma_(i,j,omega): 25280 G2 points, 2426880 bytes = nW
combined pp + master public key: 451 G1 + 25312 G2 points, 2451600 bytes
additional structured DLEq proof CRS: 0 bytes (Fiat-Shamir)
ciphertext cryptographic overhead: 160 bytes = 2 compressed G1 + 2 scalar proof elements (explicit index/framing and payload excluded)
one party cryptographic response: 112 bytes
Table-2 all-party response download: 46928 bytes = N * response size
selected V retained for opening: 8512 bytes for N'=76 parties

Optimized decryption work dimensions
middle product: transform size m=32, one prepared-G2/input pairing per transform point
committee preparation: 1216 G2 MSMs with 16992 total scalar-point terms = B*N' MSMs, B*W_T terms
opening: 16 multi-pairings of arity 76, 1216 total pairing inputs

Measured phase durations
powers-of-tau CRS setup                     0.669 ms
weighted master key generation            266.799 ms
fixed G2 FFT kernel                         6.134 ms
encrypt batch                               1.405 ms total     0.088 ms/item
client proof validation                     0.482 ms total     0.030 ms/item
partial decryptions, all N parties          5.823 ms total     0.014 ms/item
all-N server proofs / select V              7.577 ms
committee interpolation / G2 MSMs         101.714 ms
cross-term precompute                       8.629 ms total     0.539 ms/item
weighted PRF opening / unmask              17.937 ms total     1.121 ms/item
post-validation cold-committee path       141.681 ms
post-validation cached-committee path      39.967 ms
full cold decryption incl client checks    142.163 ms
full cached decryption incl client checks     40.448 ms
Decryption successful.
