Indexed weighted BTE Solana paper reproduction
Input allocation: experiments/paper_tables/profiles/weights_2of3.json
Input selection: WEIGHTED_INDEXED_BTE_WEIGHTS_FILE override
Distribution method: aptos_dkg_nearest_rounding_q64_64

Selected approximation profile
error e=1/64: --approximation-error
target stake ratio=2/3, interval=[125/192, 131/192]
nominal resolution M=6489, actual cryptographic share count W=6489
minimum reconstruction weight q=4327; indexed weighted-BTE threshold t=4326 because authorization is weight > t
effective guaranteed reconstruction stake ratio=0.682276069172912725299250807920

Runtime choices
B_max=B=16
index space n=16; ciphertext indices are fixed to 0..=15
Rayon threads=12

Allocation summary
real parties N=688, total virtual weight W=6489, min/max party weight=1/229
minimal-party authorized set: 79 parties, weight 4333 >= q=4327 (largest weights first, index tie-break)

old-paper robustness theorem requires t < floor(W/2)=3244: NOT satisfied by this exact-half corruption threshold

Serialized public material
accounting: paper group elements with compressed encodings; derived identifiers, integer metadata, and container framing excluded
compressed encodings: G1=48, G2=96, scalar=32 bytes
powers-of-tau CRS pp: 16 G1 + 32 G2 points, 3840 bytes
  g_i powers: 16 G1 points, 768 bytes = n
  h_i powers: 32 G2 points, 3072 bytes = 2n (missing h_(n+1))
weighted master public key: 704 G1 + 103824 G2 points, 10000896 bytes
  delta_i: 16 G1 points, 768 bytes = n
  party inverse verification keys: 688 G1 points, 33024 bytes = N
  gamma_(i,j,omega): 103824 G2 points, 9967104 bytes = nW
combined pp + master public key: 720 G1 + 103856 G2 points, 10004736 bytes
additional structured DLEq proof CRS: 0 bytes (Fiat-Shamir)
ciphertext cryptographic overhead: 160 bytes = 2 compressed G1 + 2 scalar proof elements (explicit index/framing and payload excluded)
one party cryptographic response: 112 bytes
Table-2 all-party response download: 77056 bytes = N * response size
selected V retained for opening: 8848 bytes for N'=79 parties

Optimized decryption work dimensions
middle product: transform size m=32, one prepared-G2/input pairing per transform point
committee preparation: 1264 G2 MSMs with 69328 total scalar-point terms = B*N' MSMs, B*W_T terms
opening: 16 multi-pairings of arity 79, 1264 total pairing inputs

Measured phase durations
powers-of-tau CRS setup                     0.684 ms
weighted master key generation           1067.427 ms
fixed G2 FFT kernel                         6.120 ms
encrypt batch                               2.277 ms total     0.142 ms/item
client proof validation                     0.491 ms total     0.031 ms/item
partial decryptions, all N parties          9.556 ms total     0.014 ms/item
all-N server proofs / select V             12.436 ms
committee interpolation / G2 MSMs         313.039 ms
cross-term precompute                       8.648 ms total     0.541 ms/item
weighted PRF opening / unmask              18.595 ms total     1.162 ms/item
post-validation cold-committee path       362.274 ms
post-validation cached-committee path      49.235 ms
full cold decryption incl client checks    362.765 ms
full cached decryption incl client checks     49.726 ms
Decryption successful.
