PFE paper-parameter reproduction
B_max=16, B=16, N=1580, t=1059, shares=1060, Rayon threads=12
measured repetitions=5, plus one unmeasured full warm-up

Average over 5 measured repetition(s)

One-time / input preparation
trusted key generation                348.351 ms
encrypt batch                           1.308 ms total     0.082 ms/item
fixed PFE FFT/G2 kernel                 9.835 ms

Paper phase decomposition
ctxtCheck(B)                            0.472 ms total     0.030 ms/item
precompute(B)                           7.714 ms total     0.482 ms/item
partialDecrypt(B), one server           0.171 ms total     0.011 ms/item
combine(n)                             45.781 ms total     0.043 ms/item
serverCheck(B,n)                        2.495 ms total     0.156 ms/item
open(B), fused 3-pair path              2.137 ms total     0.134 ms/item
core sequential total                  55.803 ms
robust sequential total                58.771 ms

BTX paper's PFE target at B=512, single core: ~1197 ms core total; 1.596/0.019/0.723 ms per item for precompute/partial/open.
This implementation additionally uses the corrected B-point circulant indexing and fused three-pair opening from the PFE authors' released code.
Decryption successful in every warm-up and measured repetition.
