PFE paper-parameter reproduction
B_max=16, B=16, N=764, t=511, shares=512, Rayon threads=12
measured repetitions=5, plus one unmeasured full warm-up

Average over 5 measured repetition(s)

One-time / input preparation
trusted key generation                147.987 ms
encrypt batch                           1.311 ms total     0.082 ms/item
fixed PFE FFT/G2 kernel                 9.808 ms

Paper phase decomposition
ctxtCheck(B)                            0.511 ms total     0.032 ms/item
precompute(B)                           7.716 ms total     0.482 ms/item
partialDecrypt(B), one server           0.180 ms total     0.011 ms/item
combine(n)                             11.083 ms total     0.022 ms/item
serverCheck(B,n)                        2.582 ms total     0.161 ms/item
open(B), fused 3-pair path              2.140 ms total     0.134 ms/item
core sequential total                  21.120 ms
robust sequential total                24.213 ms

BTX paper's PFE target at B=512, single core: ~1197 ms core total; 1.596/0.019/0.723 ms per item for precompute/partial/open.
This implementation additionally uses the corrected B-point circulant indexing and fused three-pair opening from the PFE authors' released code.
Decryption successful in every warm-up and measured repetition.
