PFE paper-parameter reproduction
B_max=16, B=16, N=3063, t=2043, shares=2044, Rayon threads=12
measured repetitions=5, plus one unmeasured full warm-up

Average over 5 measured repetition(s)

One-time / input preparation
trusted key generation                841.502 ms
encrypt batch                           1.313 ms total     0.082 ms/item
fixed PFE FFT/G2 kernel                 9.824 ms

Paper phase decomposition
ctxtCheck(B)                            0.505 ms total     0.032 ms/item
precompute(B)                           7.721 ms total     0.483 ms/item
partialDecrypt(B), one server           0.172 ms total     0.011 ms/item
combine(n)                            163.825 ms total     0.080 ms/item
serverCheck(B,n)                        2.458 ms total     0.154 ms/item
open(B), fused 3-pair path              2.102 ms total     0.131 ms/item
core sequential total                 173.820 ms
robust sequential total               176.783 ms

BTX paper's PFE target at B=512, single core: ~1197 ms core total; 1.596/0.019/0.723 ms per item for precompute/partial/open.
This implementation additionally uses the corrected B-point circulant indexing and fused three-pair opening from the PFE authors' released code.
Decryption successful in every warm-up and measured repetition.
